cargo.exe :    Compiling compare_it v0.1.0 (C:\CompareIt)
At line:1 char:1
+ & "$env:USERPROFILE\.cargo\bin\cargo" build 2>&1 > 
build_errors.txt
+ ~~~~~~~~~~~~~~~~~~~~~~~~~~~~~~~~~~~~~~~~~~~~~~~~~~~~~~~~~~~~~~~
~~~~
    + CategoryInfo          : NotSpecified: (   Compiling co...  
   (C:\CompareIt):String) [], RemoteException
    + FullyQualifiedErrorId : NativeCommandError
 
error[E0782]: expected a type, found a trait
   --> src\compare_structured.rs:374:32
    |
374 | fn excel_cell_to_string(cell: &DataType) -> String {
    |                                ^^^^^^^^
    |
help: use a new generic type parameter, constrained by `DataType`
    |
374 - fn excel_cell_to_string(cell: &DataType) -> String {
374 + fn excel_cell_to_string<T: DataType>(cell: &T) -> String {
    |
help: you can also use an opaque type, but users won't be able 
to specify the type parameter when calling the `fn`, having to 
rely exclusively on type inference
    |
374 | fn excel_cell_to_string(cell: &impl DataType) -> String {
    |                                ++++
help: alternatively, use a trait object to accept any type that 
implements `DataType`, accessing its methods at runtime using 
dynamic dispatch
    |
374 | fn excel_cell_to_string(cell: &dyn DataType) -> String {
    |                                +++

error[E0782]: expected a type, found a trait
   --> src\compare_structured.rs:376:9
    |
376 |         DataType::Empty => String::new(),
    |         ^^^^^^^^
    |
help: you can add the `dyn` keyword if you want a trait object
    |
376 |         <dyn DataType>::Empty => String::new(),
    |         ++++         +

error[E0782]: expected a type, found a trait
   --> src\compare_structured.rs:377:9
    |
377 |         DataType::String(s) => s.clone(),
    |         ^^^^^^^^

error[E0782]: expected a type, found a trait
   --> src\compare_structured.rs:378:9
    |
378 |         DataType::Int(i) => i.to_string(),
    |         ^^^^^^^^

error[E0782]: expected a type, found a trait
   --> src\compare_structured.rs:379:9
    |
379 |         DataType::Float(f) => {
    |         ^^^^^^^^

error[E0782]: expected a type, found a trait
   --> src\compare_structured.rs:387:9
    |
387 |         DataType::Bool(b) => if *b { "TRUE" } else { 
"FALSE" }.to_string(),
    |         ^^^^^^^^

error[E0782]: expected a type, found a trait
   --> src\compare_structured.rs:388:9
    |
388 |         DataType::Error(e) => format!("#ERROR:{:?}", e),
    |         ^^^^^^^^

error[E0782]: expected a type, found a trait
   --> src\compare_structured.rs:389:9
    |
389 |         DataType::DateTime(dt) => dt.to_string(),
    |         ^^^^^^^^

error[E0782]: expected a type, found a trait
   --> src\compare_structured.rs:390:9
    |
390 |         DataType::Duration(d) => d.to_string(),
    |         ^^^^^^^^

error[E0782]: expected a type, found a trait
   --> src\compare_structured.rs:391:9
    |
391 |         DataType::DateTimeIso(s) => s.clone(),
    |         ^^^^^^^^

error[E0782]: expected a type, found a trait
   --> src\compare_structured.rs:392:9
    |
392 |         DataType::DurationIso(s) => s.clone(),
    |         ^^^^^^^^

error[E0308]: arguments to this method are incorrect
   --> src\compare_text.rs:46:10
    |
 46 |         .diff_slices(&lines1, &lines2);
    |          ^^^^^^^^^^^
    |
note: expected `&[&_]`, found `&Vec<String>`
   --> src\compare_text.rs:46:22
    |
 46 |         .diff_slices(&lines1, &lines2);
    |                      ^^^^^^^
    = note: expected reference `&[&_]`
               found reference `&Vec<std::string::String>`
note: expected `&[&_]`, found `&Vec<String>`
   --> src\compare_text.rs:46:31
    |
 46 |         .diff_slices(&lines1, &lines2);
    |                               ^^^^^^^
    = note: expected reference `&[&_]`
               found reference `&Vec<std::string::String>`
note: method defined here
   --> C:\Users\proto\.cargo\registry\src\index.crates.io-1949cf8
c6b5b557f\similar-2.7.0\src\text\mod.rs:308:12
    |
308 |     pub fn diff_slices<'old, 'new, 'bufs, T: DiffableStr + 
?Sized>(
    |            ^^^^^^^^^^^

error[E0308]: arguments to this method are incorrect
   --> src\compare_text.rs:136:18
    |
136 |                 .diff_slices(&lines1, &lines2)
    |                  ^^^^^^^^^^^
    |
note: expected `&[&_]`, found `&Vec<String>`
   --> src\compare_text.rs:136:30
    |
136 |                 .diff_slices(&lines1, &lines2)
    |                              ^^^^^^^
    = note: expected reference `&[&_]`
               found reference `&Vec<std::string::String>`
note: expected `&[&_]`, found `&Vec<String>`
   --> src\compare_text.rs:136:39
    |
136 |                 .diff_slices(&lines1, &lines2)
    |                                       ^^^^^^^
    = note: expected reference `&[&_]`
               found reference `&Vec<std::string::String>`
note: method defined here
   --> C:\Users\proto\.cargo\registry\src\index.crates.io-1949cf8
c6b5b557f\similar-2.7.0\src\text\mod.rs:308:12
    |
308 |     pub fn diff_slices<'old, 'new, 'bufs, T: DiffableStr + 
?Sized>(
    |            ^^^^^^^^^^^

error[E0308]: `match` arms have incompatible types
   --> src\compare_text.rs:134:13
    |
 98 |       let similarity_score = match 
config.similarity_algorithm {
    |                              
--------------------------------- `match` arms have incompatible 
types
...
130 |           SimilarityAlgorithm::Cosine => 
calculate_cosine_similarity(&lines1, &lines2),
    |                                          
--------------------------------------------- this and all prior 
arms are found to be of type `f64`
...
134 | /             TextDiff::configure()
135 | |                 .algorithm(Algorithm::Myers)
136 | |                 .diff_slices(&lines1, &lines2)
137 | |                 .ratio()
    | |________________________^ expected `f64`, found `f32`
    |
help: you can convert an `f32` to an `f64`
    |
137 |                 .ratio().into()
    |                         +++++++

error[E0308]: arguments to this method are incorrect
   --> src\compare_text.rs:204:10
    |
204 |         .diff_slices(lines1, lines2);
    |          ^^^^^^^^^^^
    |
note: expected `&[&_]`, found `&[String]`
   --> src\compare_text.rs:204:22
    |
204 |         .diff_slices(lines1, lines2);
    |                      ^^^^^^
    = note: expected reference `&[&_]`
               found reference `&[std::string::String]`
note: expected `&[&_]`, found `&[String]`
   --> src\compare_text.rs:204:30
    |
204 |         .diff_slices(lines1, lines2);
    |                              ^^^^^^
    = note: expected reference `&[&_]`
               found reference `&[std::string::String]`
note: method defined here
   --> C:\Users\proto\.cargo\registry\src\index.crates.io-1949cf8
c6b5b557f\similar-2.7.0\src\text\mod.rs:308:12
    |
308 |     pub fn diff_slices<'old, 'new, 'bufs, T: DiffableStr + 
?Sized>(
    |            ^^^^^^^^^^^

error[E0308]: arguments to this method are incorrect
   --> src\compare_text.rs:395:14
    |
395 |             .diff_slices(lines1, lines2)
    |              ^^^^^^^^^^^
    |
note: expected `&[&_]`, found `&[String]`
   --> src\compare_text.rs:395:26
    |
395 |             .diff_slices(lines1, lines2)
    |                          ^^^^^^
    = note: expected reference `&[&_]`
               found reference `&[std::string::String]`
note: expected `&[&_]`, found `&[String]`
   --> src\compare_text.rs:395:34
    |
395 |             .diff_slices(lines1, lines2)
    |                                  ^^^^^^
    = note: expected reference `&[&_]`
               found reference `&[std::string::String]`
note: method defined here
   --> C:\Users\proto\.cargo\registry\src\index.crates.io-1949cf8
c6b5b557f\similar-2.7.0\src\text\mod.rs:308:12
    |
308 |     pub fn diff_slices<'old, 'new, 'bufs, T: DiffableStr + 
?Sized>(
    |            ^^^^^^^^^^^

error[E0308]: mismatched types
   --> src\compare_text.rs:393:16
    |
389 |   fn calculate_token_smith_waterman(lines1: &[String], 
lines2: &[String]) -> f64 {
    |                                                            
                  --- expected `f64` because of return type
...
393 |           return TextDiff::configure()
    |  ________________^
394 | |             .algorithm(Algorithm::Myers)
395 | |             .diff_slices(lines1, lines2)
396 | |             .ratio();
    | |____________________^ expected `f64`, found `f32`
    |
help: you can convert an `f32` to an `f64`
    |
396 |             .ratio().into();
    |                     +++++++

error[E0689]: can't call method `max` on ambiguous numeric type 
`{float}`
   --> src\compare_text.rs:425:33
    |
425 |             let val = 
val_match.max(val_del).max(val_ins).max(0.0);
    |                                 ^^^
    |
help: you must specify a type for this binding, like `f32`
    |
421 |             let val_match: f32 = prev_diag + s_match;
    |                          +++++

error[E0308]: arguments to this method are incorrect
   --> src\compare_text.rs:459:14
    |
459 |             .diff_slices(lines1, lines2)
    |              ^^^^^^^^^^^
    |
note: expected `&[&_]`, found `&[String]`
   --> src\compare_text.rs:459:26
    |
459 |             .diff_slices(lines1, lines2)
    |                          ^^^^^^
    = note: expected reference `&[&_]`
               found reference `&[std::string::String]`
note: expected `&[&_]`, found `&[String]`
   --> src\compare_text.rs:459:34
    |
459 |             .diff_slices(lines1, lines2)
    |                                  ^^^^^^
    = note: expected reference `&[&_]`
               found reference `&[std::string::String]`
note: method defined here
   --> C:\Users\proto\.cargo\registry\src\index.crates.io-1949cf8
c6b5b557f\similar-2.7.0\src\text\mod.rs:308:12
    |
308 |     pub fn diff_slices<'old, 'new, 'bufs, T: DiffableStr + 
?Sized>(
    |            ^^^^^^^^^^^

error[E0308]: mismatched types
   --> src\compare_text.rs:457:16
    |
448 |   fn calculate_lcs_similarity(lines1: &[String], lines2: 
&[String]) -> f64 {
    |                                                            
            --- expected `f64` because of return type
...
457 |           return TextDiff::configure()
    |  ________________^
458 | |             .algorithm(Algorithm::Myers)
459 | |             .diff_slices(lines1, lines2)
460 | |             .ratio();
    | |____________________^ expected `f64`, found `f32`
    |
help: you can convert an `f32` to an `f64`
    |
460 |             .ratio().into();
    |                     +++++++

error[E0004]: non-exhaustive patterns: `types::FileType::Excel` 
not covered
  --> src\fingerprint.rs:88:11
   |
88 |     match entry.file_type {
   |           ^^^^^^^^^^^^^^^ pattern `types::FileType::Excel` 
not covered
   |
note: `types::FileType` defined here
  --> src\types.rs:16:10
   |
16 | pub enum FileType {
   |          ^^^^^^^^
...
26 |     Excel,
   |     ----- not covered
   = note: the matched value is of type `types::FileType`
help: ensure that all possible cases are being handled by adding 
a match arm with a wildcard pattern or an explicit pattern as 
shown
   |
104~         },
105+         types::FileType::Excel => todo!()
   |

Some errors have detailed explanations: E0004, E0308, E0689, 
E0782.
For more information about an error, try `rustc --explain E0004`.
error: could not compile `compare_it` (lib) due to 21 previous 
errors
